Microchip MPLAB XC8 Compiler V2.35

Linker command line:

-W-3 --edf=C:\Program Files\Microchip\xc8\v2.35\pic\dat\en_msgs.txt -cn \
  -h+dist/default/production\Robot_OTTO.X.production.sym \
  --cmf=dist/default/production\Robot_OTTO.X.production.cmf -z -Q16F887 \
  -oC:\Users\santr\AppData\Local\Temp\xcAsegc.4 --defsym=__MPLAB_BUILD=1 \
  -Mdist/default/production/Robot_OTTO.X.production.map \
  --md=C:\Users\santr\AppData\Local\Temp\xcAsegc.dat -E1 -ver=XC8 Compiler \
  --acfsm=1493 -ACODE=00h-07FFhx4 -ASTRCODE=00h-01FFFh -ASTRING=00h-0FFhx32 \
  -ACONST=00h-0FFhx32 -AENTRY=00h-0FFhx32 -ACOMMON=070h-07Fh \
  -ABANK0=020h-06Fh -ABANK1=0A0h-0EFh -ABANK2=0110h-016Fh \
  -ABANK3=0190h-01EFh -ARAM=020h-06Fh,0A0h-0EFh,0110h-016Fh,0190h-01EFh \
  -AABS1=020h-07Fh,0A0h-0EFh,0110h-016Fh,0190h-01EFh -ASFR0=00h-01Fh \
  -ASFR1=080h-09Fh -ASFR2=0100h-010Fh -ASFR3=0180h-018Fh \
  -ACONFIG=02007h-02008h -DCONFIG=2 -AIDLOC=02000h-02003h -DIDLOC=2 \
  -AEEDATA=00h-0FFh/02100h -peeprom_data=EEDATA -DEEDATA=2 -DCODE=2 \
  -DSTRCODE=2 -DSTRING=2 -DCONST=2 -DENTRY=2 \
  -preset_vec=00h,intentry=04h,init,end_init -ppowerup=CODE -pcinit=CODE \
  -pfunctab=ENTRY -k C:\Users\santr\AppData\Local\Temp\xcAsegc.o \
  dist/default/production\Robot_OTTO.X.production.o 

Object code version is 3.11

Machine type is 16F887



                Name                               Link     Load   Length Selector   Space Scale
C:\Users\santr\AppData\Local\Temp\xcAsegc.o
                end_init                             10       10        3        8       0
                reset_vec                             0        0        3        0       0
                config                             2007     2007        2        0       4
                idloc                              2000     2000        4        0       5
dist/default/production\Robot_OTTO.X.production.o
                cinit                                13       13       18        8       0
                intentry                              4        4        C        8       0
                config                             2007     2007        2        0       4
                idloc                              2000     2000        4        0       5
                text11                              38C      38C      288        8       0
                text10                              614      614      1DD        8       0
                text9                               A70      A70       27     14E0       0
                text8                                2B       2B      361        8       0
                text7                               A97      A97       9C     152E       0
                text6                               D3B      D3B       BA     1A76       0
                text5                               BD6      BD6       B2     17AC       0
                text4                               7F1      7F1        D        8       0
                text3                               A5B      A5B       15     14B6       0
                text2                               DF5      DF5      20B     1BEA       0
                text1                               B33      B33       A3     1666       0
                maintext                            C88      C88       B3     1910       0
                cstackBANK0                          20       20       4F       20       1
                cstackCOMMON                         70       70        E       70       1
                cstackBANK1                          B4       B4       14       A0       1
                clrtext                             A53      A53        8     14A6       0
                dataBANK1                            C8       C8        1       A0       1
                bssBANK1                             A0       A0       14       A0       1
                bssBANK0                             6F       6F        1       20       1
                idataBANK1                          7FE      7FE        1        8       0

TOTAL           Name                               Link     Load   Length     Space
        CLASS   CODE           
                end_init                             10       10        3         0
                cinit                                13       13       18         0
                intentry                              4        4        C         0
                reset_vec                             0        0        3         0
                text11                              38C      38C      288         0
                text10                              614      614      1DD         0
                text9                               A70      A70       27         0
                text8                                2B       2B      361         0
                text7                               A97      A97       9C         0
                text6                               D3B      D3B       BA         0
                text5                               BD6      BD6       B2         0
                text4                               7F1      7F1        D         0
                text3                               A5B      A5B       15         0
                text2                               DF5      DF5      20B         0
                text1                               B33      B33       A3         0
                maintext                            C88      C88       B3         0
                clrtext                             A53      A53        8         0
                idataBANK1                          7FE      7FE        1         0

        CLASS   STRCODE        

        CLASS   STRING         

        CLASS   CONST          

        CLASS   ENTRY          

        CLASS   COMMON         
                cstackCOMMON                         70       70        E         1

        CLASS   BANK0          
                cstackBANK0                          20       20       4F         1
                bssBANK0                             6F       6F        1         1

        CLASS   BANK1          
                cstackBANK1                          B4       B4       14         1
                dataBANK1                            C8       C8        1         1
                bssBANK1                             A0       A0       14         1

        CLASS   BANK2          

        CLASS   BANK3          

        CLASS   RAM            

        CLASS   ABS1           
                abs_s1                               7E       7E        2         1

        CLASS   SFR0           

        CLASS   SFR1           

        CLASS   SFR2           

        CLASS   SFR3           

        CLASS   CONFIG         
                config                             2007     2007        2         4

        CLASS   IDLOC          
                idloc                              2000     2000        4         5

        CLASS   EEDATA         

        CLASS   STACK          



SEGMENTS        Name                           Load    Length   Top    Selector   Space  Class     Delta

                reset_vec                      000000  000003  000003         0       0  CODE        2
                intentry                       000004  0007FB  0007FF         8       0  CODE        2
                cstackBANK0                    000020  000050  000070        20       1  BANK0       1
                cstackCOMMON                   000070  00000E  00007E        70       1  COMMON      1
                bssBANK1                       0000A0  000029  0000C9        A0       1  BANK1       1
                clrtext                        000A53  000008  000A5B      14A6       0  CODE        2
                text3                          000A5B  000015  000A70      14B6       0  CODE        2
                text9                          000A70  000027  000A97      14E0       0  CODE        2
                text7                          000A97  00009C  000B33      152E       0  CODE        2
                text1                          000B33  0000A3  000BD6      1666       0  CODE        2
                text5                          000BD6  0000B2  000C88      17AC       0  CODE        2
                maintext                       000C88  0000B3  000D3B      1910       0  CODE        2
                text6                          000D3B  0000BA  000DF5      1A76       0  CODE        2
                text2                          000DF5  00020B  001000      1BEA       0  CODE        2


UNUSED ADDRESS RANGES

        Name                Unused          Largest block    Delta
        BANK1            00C9-00EF             27           1
        BANK2            0110-016F             60           1
        BANK3            0190-01EF             60           1
        CODE             0003-0003              1           2
                         07FF-0A52              1
                         1000-1FFF            800
        CONST            0003-0003              1           2
                         07FF-0A52            100
                         1000-1FFF            100
        EEDATA           2100-21FF            100           2
        ENTRY            0003-0003              1           2
                         07FF-0A52            100
                         1000-1FFF            100
        RAM              00C9-00EF             27           1
                         0110-016F             60
                         0190-01EF             60
        SFR0             0000-001F             20           1
        SFR1             0080-009F             20           1
        SFR2             0100-010F             10           1
        SFR3             0180-018F             10           1
        STRCODE          0003-0003              1           2
                         07FF-0A52            254
                         1000-1FFF           1000
        STRING           0003-0003              1           2
                         07FF-0A52            100
                         1000-1FFF            100

                                  Symbol Table

?__Umul8_16              cstackCOMMON 0070
?___fladd                cstackBANK0  0054
?___fldiv                cstackBANK0  0020
?___flmul                cstackBANK0  003A
?___fltol                cstackBANK0  0068
?___xxtofl               cstackCOMMON 0070
?_map                    cstackBANK1  00B9
_ADCON0bits              (abs)        001F
_ADCON1bits              (abs)        009F
_ADRESH                  (abs)        001E
_ANSEL                   (abs)        0188
_ANSELH                  (abs)        0189
_BAUDCTLbits             (abs)        0187
_CCP1CON                 (abs)        0017
_CCP1CONbits             (abs)        0017
_CCP2CON                 (abs)        001D
_CCP2CONbits             (abs)        001D
_CCPR                    bssBANK1     00A2
_CCPR1L                  (abs)        0015
_CCPR2L                  (abs)        001B
_CCPR_2                  bssBANK1     00A0
_EEADR                   (abs)        010D
_EECON1bits              (abs)        018C
_EECON2                  (abs)        018D
_EEDAT                   (abs)        010C
_INTCONbits              (abs)        000B
_IOCBbits                (abs)        0096
_OPTION_REGbits          (abs)        0081
_OSCCONbits              (abs)        008F
_PIE1bits                (abs)        008C
_PIR1bits                (abs)        000C
_PORTA                   (abs)        0005
_PORTAbits               (abs)        0005
_PORTB                   (abs)        0006
_PORTC                   (abs)        0007
_PORTD                   (abs)        0008
_PORTDbits               (abs)        0008
_POT_1                   bssBANK1     00B2
_POT_2                   bssBANK1     00B1
_POT_3                   bssBANK1     00B0
_POT_4                   bssBANK1     00AF
_PR2                     (abs)        0092
_RB0                     (abs)        0030
_RB1                     (abs)        0031
_RB2                     (abs)        0032
_RB3                     (abs)        0033
_RB4                     (abs)        0034
_RCSTAbits               (abs)        0018
_SPBRG                   (abs)        0099
_SPBRGH                  (abs)        009A
_SSPBUF                  (abs)        0013
_SSPCONbits              (abs)        0014
_SSPSTATbits             (abs)        0094
_T2CONbits               (abs)        0012
_TRISA                   (abs)        0085
_TRISB                   (abs)        0086
_TRISC                   (abs)        0087
_TRISCbits               (abs)        0087
_TRISD                   (abs)        0088
_TXSTAbits               (abs)        0098
_WPUBbits                (abs)        0095
__Habs1                  abs1         0000
__Hbank0                 bank0        0000
__Hbank1                 bank1        0000
__Hbank2                 bank2        0000
__Hbank3                 bank3        0000
__HbssBANK0              bssBANK0     0000
__HbssBANK1              bssBANK1     0000
__Hcinit                 cinit        002B
__Hclrtext               clrtext      0000
__Hcode                  code         0000
__Hcommon                common       0000
__Hconfig                config       2009
__HcstackBANK0           cstackBANK0  0000
__HcstackBANK1           cstackBANK1  0000
__HcstackCOMMON          cstackCOMMON 0000
__HdataBANK1             dataBANK1    0000
__Heeprom_data           eeprom_data  0000
__Hend_init              end_init     0013
__Hfunctab               functab      0000
__HidataBANK1            idataBANK1   0000
__Hidloc                 idloc        2004
__Hinit                  init         0010
__Hintentry              intentry     0010
__Hmaintext              maintext     0000
__Hpowerup               powerup      0000
__Hram                   ram          0000
__Hreset_vec             reset_vec    0003
__Hsfr0                  sfr0         0000
__Hsfr1                  sfr1         0000
__Hsfr2                  sfr2         0000
__Hsfr3                  sfr3         0000
__Hspace_0               (abs)        1000
__Hspace_1               (abs)        00C9
__Hspace_2               (abs)        0000
__Hspace_3               (abs)        0000
__Hspace_4               (abs)        4010
__Hstack                 stack        0000
__Hstrings               strings      0000
__Htext                  text         0000
__Labs1                  abs1         0000
__Lbank0                 bank0        0000
__Lbank1                 bank1        0000
__Lbank2                 bank2        0000
__Lbank3                 bank3        0000
__LbssBANK0              bssBANK0     0000
__LbssBANK1              bssBANK1     0000
__Lcinit                 cinit        0013
__Lclrtext               clrtext      0000
__Lcode                  code         0000
__Lcommon                common       0000
__Lconfig                config       0000
__LcstackBANK0           cstackBANK0  0000
__LcstackBANK1           cstackBANK1  0000
__LcstackCOMMON          cstackCOMMON 0000
__LdataBANK1             dataBANK1    0000
__Leeprom_data           eeprom_data  0000
__Lend_init              end_init     0010
__Lfunctab               functab      0000
__LidataBANK1            idataBANK1   0000
__Lidloc                 idloc        0000
__Linit                  init         0010
__Lintentry              intentry     0004
__Lmaintext              maintext     0000
__Lpowerup               powerup      0000
__Lram                   ram          0000
__Lreset_vec             reset_vec    0000
__Lsfr0                  sfr0         0000
__Lsfr1                  sfr1         0000
__Lsfr2                  sfr2         0000
__Lsfr3                  sfr3         0000
__Lspace_0               (abs)        0000
__Lspace_1               (abs)        0000
__Lspace_2               (abs)        0000
__Lspace_3               (abs)        0000
__Lspace_4               (abs)        0000
__Lstack                 stack        0000
__Lstrings               strings      0000
__Ltext                  text         0000
__S0                     (abs)        1000
__S1                     (abs)        00C9
__S3                     (abs)        0000
__Umul8_16               text9        0A70
__Umul8_16@multiplicand  cstackCOMMON 0070
__Umul8_16@multiplier    cstackCOMMON 0078
__Umul8_16@product       cstackCOMMON 0074
__Umul8_16@word_mpld     cstackCOMMON 0076
___fladd                 text11       038C
___fladd@a               cstackBANK0  0058
___fladd@aexp            cstackBANK0  0065
___fladd@b               cstackBANK0  0054
___fladd@bexp            cstackBANK0  0066
___fladd@grs             cstackBANK0  0067
___fladd@signs           cstackBANK0  0064
___fldiv                 text10       0614
___fldiv@a               cstackBANK0  0020
___fldiv@aexp            cstackBANK0  0039
___fldiv@b               cstackBANK0  0024
___fldiv@bexp            cstackBANK0  0038
___fldiv@grs             cstackBANK0  0034
___fldiv@new_exp         cstackBANK0  0032
___fldiv@rem             cstackBANK0  002D
___fldiv@sign            cstackBANK0  0031
___flmul                 text8        002B
___flmul@a               cstackBANK0  003E
___flmul@aexp            cstackBANK0  004C
___flmul@b               cstackBANK0  003A
___flmul@bexp            cstackBANK0  004D
___flmul@grs             cstackBANK0  0048
___flmul@prod            cstackBANK0  004E
___flmul@sign            cstackBANK0  0047
___flmul@temp            cstackBANK0  0052
___fltol                 text7        0A97
___fltol@exp1            cstackBANK0  006D
___fltol@f1              cstackBANK0  0068
___fltol@sign1           cstackBANK0  006C
___int_sp                stack        0000
___latbits               (abs)        0002
___sp                    stack        0000
___stackhi               (abs)        0000
___stacklo               (abs)        0000
___xxtofl                text6        0D3B
___xxtofl@arg            cstackCOMMON 007A
___xxtofl@exp            cstackCOMMON 0079
___xxtofl@sign           cstackCOMMON 0078
___xxtofl@val            cstackCOMMON 0070
__end_of__Umul8_16       text9        0A97
__end_of___fladd         text11       0614
__end_of___fldiv         text10       07F1
__end_of___flmul         text8        038C
__end_of___fltol         text7        0B33
__end_of___xxtofl        text6        0DF5
__end_of__initialization cinit        0027
__end_of_isr             text2        1000
__end_of_main            maintext     0D3B
__end_of_map             text5        0C88
__end_of_read_EEPROM     text4        07FE
__end_of_setup           text1        0BD6
__end_of_write_EEPROM    text3        0A70
__initialization         cinit        0013
__pbssBANK0              bssBANK0     006F
__pbssBANK1              bssBANK1     00A0
__pcstackBANK0           cstackBANK0  0020
__pcstackBANK1           cstackBANK1  00B4
__pcstackCOMMON          cstackCOMMON 0070
__pdataBANK1             dataBANK1    00C8
__pidataBANK1            idataBANK1   07FE
__pintentry              intentry     0004
__pmaintext              maintext     0C88
__ptext1                 text1        0B33
__ptext10                text10       0614
__ptext11                text11       038C
__ptext2                 text2        0DF5
__ptext3                 text3        0A5B
__ptext4                 text4        07F1
__ptext5                 text5        0BD6
__ptext6                 text6        0D3B
__ptext7                 text7        0A97
__ptext8                 text8        002B
__ptext9                 text9        0A70
_address_ci1             bssBANK1     00AB
_address_ci2             bssBANK1     00A7
_address_cr1             bssBANK1     00AA
_address_cr2             bssBANK1     00A6
_address_pi1             bssBANK1     00AD
_address_pi2             bssBANK1     00A9
_address_pr1             bssBANK1     00AC
_address_pr2             bssBANK1     00A8
_cont                    bssBANK1     00AE
_isr                     text2        0DF5
_main                    maintext     0C88
_map                     text5        0BD6
_read_EEPROM             text4        07F1
_setup                   text1        0B33
_write_EEPROM            text3        0A5B
btemp                    (abs)        007E
clear_ram0               clrtext      0A53
end_of_initialization    cinit        0027
interrupt_function       intentry     0004
intlevel0                functab      0000
intlevel1                functab      0000
intlevel2                functab      0000
intlevel3                functab      0000
intlevel4                functab      0000
intlevel5                functab      0000
map@x                    cstackBANK0  006E
map@x0                   cstackBANK1  00B9
map@x1                   cstackBANK1  00BA
map@y0                   cstackBANK1  00BB
map@y1                   cstackBANK1  00BD
read_EEPROM@address      cstackCOMMON 0070
reset_vec                reset_vec    0000
saved_w                  (abs)        007E
start                    init         0010
start_initialization     cinit        0013
write_EEPROM@address     cstackCOMMON 0071
write_EEPROM@data        cstackCOMMON 0070
wtemp0                   (abs)        007E


MODULE INFORMATION

Module		Function		Class		Link	Load	Size
C:\Program Files\Microchip\xc8\v2.35\pic\sources\c90\common\xxtofl.c
		___xxtofl      		CODE           	0D3B	0000	186

C:\Program Files\Microchip\xc8\v2.35\pic\sources\c90\common\xxtofl.c estimated size: 186

C:\Program Files\Microchip\xc8\v2.35\pic\sources\c90\common\fltol.c
		___fltol       		CODE           	0A97	0000	156

C:\Program Files\Microchip\xc8\v2.35\pic\sources\c90\common\fltol.c estimated size: 156

Main_Otto.c
		_map           		CODE           	0BD6	0000	178
		_main          		CODE           	0C88	0000	179
		_isr           		CODE           	0DF5	0000	523
		_setup         		CODE           	0B33	0000	163
		_read_EEPROM   		CODE           	07F1	0000	13
		_write_EEPROM  		CODE           	0A5B	0000	21

Main_Otto.c estimated size: 1077

C:\Program Files\Microchip\xc8\v2.35\pic\sources\c90\common\sprcmul.c
		___flmul       		CODE           	002B	0000	865

C:\Program Files\Microchip\xc8\v2.35\pic\sources\c90\common\sprcmul.c estimated size: 865

C:\Program Files\Microchip\xc8\v2.35\pic\sources\c90\common\sprcdiv.c
		___fldiv       		CODE           	0614	0000	477

C:\Program Files\Microchip\xc8\v2.35\pic\sources\c90\common\sprcdiv.c estimated size: 477

shared
		__initialization		CODE           	0013	0000	20

shared estimated size: 20

C:\Program Files\Microchip\xc8\v2.35\pic\sources\c90\common\Umul8_16.c
		__Umul8_16     		CODE           	0A70	0000	39

C:\Program Files\Microchip\xc8\v2.35\pic\sources\c90\common\Umul8_16.c estimated size: 39

C:\Program Files\Microchip\xc8\v2.35\pic\sources\c90\common\sprcadd.c
		___fladd       		CODE           	038C	0000	648

C:\Program Files\Microchip\xc8\v2.35\pic\sources\c90\common\sprcadd.c estimated size: 648

